bun install v1.3.12 (700fc117)

+ @cloudflare/workers-types@4.20260702.1
+ @react-router/dev@7.18.1
+ @tailwindcss/vite@4.3.3
+ @types/react@19.2.17
+ @types/react-dom@19.2.3
+ esbuild@0.28.1
+ tailwindcss@4.3.3
+ typescript@6.0.3
+ vite@8.0.16
+ wrangler@4.97.0
+ @react-router/cloudflare@7.18.1
+ class-variance-authority@0.7.1
+ clsx@2.1.1
+ lucide-react@0.562.0
+ radix-ui@1.6.2
+ react@19.2.7
+ react-dom@19.2.7
+ react-router@7.18.1
+ tailwind-merge@3.6.0
+ tw-animate-css@1.4.0

232 packages installed [1.98s]
Using Vite Environment API (experimental)
vite v8.0.16 building client environment for production...

transforming...✓ 1728 modules transformed.
rendering chunks...
computing gzip size...
build/client/.vite/manifest.json                            8.19 kB │ gzip:  1.03 kB
build/client/assets/root-DWt3b1Na.css                      60.33 kB │ gzip: 13.90 kB
build/client/assets/api.studio.analyzer-BvRk9kiK.js         0.00 kB │ gzip:  0.02 kB
build/client/assets/api.studio.auth.login-BvRk9kiK.js       0.00 kB │ gzip:  0.02 kB
build/client/assets/api.studio.auth.register-BvRk9kiK.js    0.00 kB │ gzip:  0.02 kB
build/client/assets/api.studio.categories-BvRk9kiK.js       0.00 kB │ gzip:  0.02 kB
build/client/assets/api.studio.designs-BvRk9kiK.js          0.00 kB │ gzip:  0.02 kB
build/client/assets/api.studio.health-BvRk9kiK.js           0.00 kB │ gzip:  0.02 kB
build/client/assets/api.studio.navigation-BvRk9kiK.js       0.00 kB │ gzip:  0.02 kB
build/client/assets/api.studio.products-BvRk9kiK.js         0.00 kB │ gzip:  0.02 kB
build/client/assets/home-BQfZUxdR.js                        0.10 kB │ gzip:  0.11 kB
build/client/assets/check-CK3ZeUox.js                       0.11 kB │ gzip:  0.13 kB
build/client/assets/arrow-right-x7vWp9hT.js                 0.15 kB │ gzip:  0.15 kB
build/client/assets/lock-keyhole-DCHVI2TI.js                0.24 kB │ gzip:  0.21 kB
build/client/assets/brush-By7ERLgz.js                       0.30 kB │ gzip:  0.23 kB
build/client/assets/shield-check-BDTgmkEK.js                0.31 kB │ gzip:  0.24 kB
build/client/assets/shopping-bag-I43oDJ84.js                0.33 kB │ gzip:  0.23 kB
build/client/assets/jsx-runtime-EXHmz5Mt.js                 0.43 kB │ gzip:  0.31 kB
build/client/assets/trash-2-DUwUegZv.js                     0.47 kB │ gzip:  0.26 kB
build/client/assets/root-BDDx8ZN8.js                        1.19 kB │ gzip:  0.62 kB
build/client/assets/arrow-left-C1jpqmDF.js                  1.29 kB │ gzip:  0.77 kB
build/client/assets/account-type-BFZaLGoD.js                1.87 kB │ gzip:  0.71 kB
build/client/assets/designer-qualification-BB5nsxDT.js      2.02 kB │ gzip:  0.91 kB
build/client/assets/login-C0x5w2Y-.js                       2.24 kB │ gzip:  0.91 kB
build/client/assets/register-CreHO7FI.js                    2.68 kB │ gzip:  1.03 kB
build/client/assets/designs-g4pHwJak.js                     3.68 kB │ gzip:  1.67 kB
build/client/assets/cart-BclD2kjG.js                        4.19 kB │ gzip:  1.42 kB
build/client/assets/customize-IfMKsPxQ.js                   7.70 kB │ gzip:  2.40 kB
build/client/assets/admin-CrgOdrfK.js                       7.72 kB │ gzip:  2.54 kB
build/client/assets/chunk-KS7C4IRE-DzyyX_XR.js            128.57 kB │ gzip: 42.38 kB
build/client/assets/entry.client-D2dFxxvt.js              186.07 kB │ gzip: 58.75 kB

✓ built in 2.91s
vite v8.0.16 building ssr environment for production...

transforming...✓ 1711 modules transformed.
rendering chunks...

✓ 1 asset cleaned from React Router server build.
build/server/assets/server-build-CnnQLb0Q.css

computing gzip size...
build/server/.vite/manifest.json                 0.22 kB │ gzip:   0.15 kB
build/server/assets/server-build-CnnQLb0Q.css   61.66 kB │ gzip:  14.15 kB
build/server/index.js                          661.13 kB │ gzip: 131.29 kB

✓ built in 1.88s
build/server/wrangler.json written.
$ react-router typegen && tsc --noEmit && react-router build && node ./scripts/build-manifest.mjs

  build/server/worker.js  441.0kb

⚡ Done in 26ms